COV_COMPUTE_OK
COV_VERIFY_OK
COV_DONE
[08:39:35] AlphaEdit: EasyEdit run start (N=1000)
EDIT_OK AlphaEdit
PASSES_DONE AlphaEdit
AGENTC_OK AlphaEdit
[12:57:13] MEMIT: EasyEdit run start (N=1000)
EDIT_OK MEMIT
PASSES_DONE MEMIT
AGENTC_OK MEMIT
[15:10:14] ROME: EasyEdit run start (N=1000)
EDIT_OK ROME
PASSES_DONE ROME
AGENTC_OK ROME
[20:37:26] ROME1: EasyEdit run start (N=1)
EDIT_OK ROME1
PASSES_DONE ROME1
AGENTC_OK ROME1
[21:36:13] ROME10: EasyEdit run start (N=10)
EDIT_OK ROME10
PASSES_DONE ROME10
AGENTC_OK ROME10
